// Jest Snapshot v1, https://goo.gl/fbAQLP

exports[`testing chat component should render correctly 1`] = `
Object {
  "asFragment": [Function],
  "baseElement": <body>
    <div>
      <div
        class="sc-bdfBwQ gzzPqc"
        data-testid="div-toggle"
      >
        Ol√°
      </div>
      <div
        class="sc-gsTCUz koRIYN"
      >
        <form>
          <div>
            <div
              class="sc-hKgILt hWEPCc"
            >
              <div
                class="sc-eCssSg eKPVDe"
              >
                ü§ñ
              </div>
              <div
                class="sc-dlfnbm eSMgzp"
              >
                Ol√°, eu sou Chatnilson, tudo bem? Para come√ßarmos, preciso saber seu nome.
              </div>
            </div>
          </div>
          <div />
          <div />
          <div />
          <div />
          <div
            class="sc-gKsewC gxKhoi"
          >
            <div
              class="sc-fubCfw hQvcvs"
            >
              <input
                id="fullName"
                name="fullName"
                placeholder="Nome e sobrenome"
                type="text"
                value=""
              />
            </div>
            <div
              class="sc-iBPRYJ kEZjJC"
            />
          </div>
          <button
            class="sc-jSgupP chrnNF"
            type="submit"
          >
            Salvar
          </button>
        </form>
      </div>
    </div>
  </body>,
  "container": <div>
    <div
      class="sc-bdfBwQ gzzPqc"
      data-testid="div-toggle"
    >
      Ol√°
    </div>
    <div
      class="sc-gsTCUz koRIYN"
    >
      <form>
        <div>
          <div
            class="sc-hKgILt hWEPCc"
          >
            <div
              class="sc-eCssSg eKPVDe"
            >
              ü§ñ
            </div>
            <div
              class="sc-dlfnbm eSMgzp"
            >
              Ol√°, eu sou Chatnilson, tudo bem? Para come√ßarmos, preciso saber seu nome.
            </div>
          </div>
        </div>
        <div />
        <div />
        <div />
        <div />
        <div
          class="sc-gKsewC gxKhoi"
        >
          <div
            class="sc-fubCfw hQvcvs"
          >
            <input
              id="fullName"
              name="fullName"
              placeholder="Nome e sobrenome"
              type="text"
              value=""
            />
          </div>
          <div
            class="sc-iBPRYJ kEZjJC"
          />
        </div>
        <button
          class="sc-jSgupP chrnNF"
          type="submit"
        >
          Salvar
        </button>
      </form>
    </div>
  </div>,
  "debug": [Function],
  "findAllByAltText": [Function],
  "findAllByDisplayValue": [Function],
  "findAllByLabelText": [Function],
  "findAllByPlaceholderText": [Function],
  "findAllByRole": [Function],
  "findAllByTestId": [Function],
  "findAllByText": [Function],
  "findAllByTitle": [Function],
  "findByAltText": [Function],
  "findByDisplayValue": [Function],
  "findByLabelText": [Function],
  "findByPlaceholderText": [Function],
  "findByRole": [Function],
  "findByTestId": [Function],
  "findByText": [Function],
  "findByTitle": [Function],
  "getAllByAltText": [Function],
  "getAllByDisplayValue": [Function],
  "getAllByLabelText": [Function],
  "getAllByPlaceholderText": [Function],
  "getAllByRole": [Function],
  "getAllByTestId": [Function],
  "getAllByText": [Function],
  "getAllByTitle": [Function],
  "getByAltText": [Function],
  "getByDisplayValue": [Function],
  "getByLabelText": [Function],
  "getByPlaceholderText": [Function],
  "getByRole": [Function],
  "getByTestId": [Function],
  "getByText": [Function],
  "getByTitle": [Function],
  "queryAllByAltText": [Function],
  "queryAllByDisplayValue": [Function],
  "queryAllByLabelText": [Function],
  "queryAllByPlaceholderText": [Function],
  "queryAllByRole": [Function],
  "queryAllByTestId": [Function],
  "queryAllByText": [Function],
  "queryAllByTitle": [Function],
  "queryByAltText": [Function],
  "queryByDisplayValue": [Function],
  "queryByLabelText": [Function],
  "queryByPlaceholderText": [Function],
  "queryByRole": [Function],
  "queryByTestId": [Function],
  "queryByText": [Function],
  "queryByTitle": [Function],
  "rerender": [Function],
  "unmount": [Function],
}
`;
